13:59:27 **** Incremental Build of configuration Debug for project vstr_sist ****
make -j6 all 
arm-none-eabi-gcc "../Core/Src/main.c" -mcpu=cortex-m4 -std=gnu11 -g3 -DDEBUG -DUSE_HAL_DRIVER -DSTM32F303xC -c -I../Core/Inc -I../Drivers/STM32F3xx_HAL_Driver/Inc -I../Drivers/STM32F3xx_HAL_Driver/Inc/Legacy -I../Drivers/CMSIS/Device/ST/STM32F3xx/Include -I../Drivers/CMSIS/Include -O0 -ffunction-sections -fdata-sections -Wall -fstack-usage -MMD -MP -MF"Core/Src/main.d" -MT"Core/Src/main.o" --specs=nano.specs -mfpu=fpv4-sp-d16 -mfloat-abi=hard -mthumb -o "Core/Src/main.o"
arm-none-eabi-gcc -o "vstr_sist.elf" @"objects.list"   -mcpu=cortex-m4 -T"C:\Users\User\Desktop\stm32lb5\vstr_sist\STM32F303VCTX_FLASH.ld" --specs=nosys.specs -Wl,-Map="vstr_sist.map" -Wl,--gc-sections -static --specs=nano.specs -mfpu=fpv4-sp-d16 -mfloat-abi=hard -mthumb -Wl,--start-group -lc -lm -Wl,--end-group
Finished building target: vstr_sist.elf
 
arm-none-eabi-size   vstr_sist.elf 
arm-none-eabi-objdump -h -S  vstr_sist.elf  > "vstr_sist.list"
   text	   data	    bss	    dec	    hex	filename
  14888	     24	   1672	  16584	   40c8	vstr_sist.elf
Finished building: default.size.stdout
 
Finished building: vstr_sist.list
 

13:59:29 Build Finished. 0 errors, 0 warnings. (took 1s.313ms)

